{
  "version": "1.5.0",
  "plugins_used": [
    {"name": "AWSKeyDetector"},
    {"name": "ArtifactoryDetector"},
    {"name": "AzureStorageKeyDetector"},
    {"name": "BasicAuthDetector"},
    {"name": "CloudantDetector"},
    {"name": "DiscordBotTokenDetector"},
    {"name": "GitHubTokenDetector"},
    {"name": "HexHighEntropyString", "limit": 3.0},
    {"name": "IbmCloudIamDetector"},
    {"name": "IbmCosHmacDetector"},
    {"name": "JwtTokenDetector"},
    {"name": "KeywordDetector", "keyword_exclude": ""},
    {"name": "MailchimpDetector"},
    {"name": "NpmDetector"},
    {"name": "OpenAIKeyDetector"},
    {"name": "PrivateKeyDetector"},
    {"name": "PypiTokenDetector"},
    {"name": "SendGridDetector"},
    {"name": "SlackDetector"},
    {"name": "SoftlayerDetector"},
    {"name": "SquareOAuthDetector"},
    {"name": "StripeDetector"},
    {"name": "TwilioKeyDetector"}
  ],
  "filters_used": [
    {"path": "detect_secrets.filters.allowlist.is_line_allowlisted"},
    {"path": "detect_secrets.filters.common.is_baseline_file", "filename": ".secrets.baseline"},
    {"path": "detect_secrets.filters.common.is_ignored_file"},
    {"path": "detect_secrets.filters.heuristic.is_filtered_out",
     "min_secret_len": 20,
     "min_hex_count": 3}
  ],
  "results": {},
  "generated_at": "2026-05-09T00:00:00Z",
  "_note": "P71.4 初始空白 baseline。如有誤報，執行：detect-secrets scan --update .secrets.baseline"
}
